[condorthemes.com/flatdream/index.html]
[condorthemes.com/flatdream/images/icon.png]
[backblue.gif]
[fade.gif]
[index.html]
[condorthemes.com/flatdream/js/bootstrap/dist/css/bootstrap.css]
[condorthemes.com/flatdream/js/jquery.gritter/css/jquery.gritter.css]
[condorthemes.com/flatdream/fonts/font-awesome-4/css/font-awesome.min.css]
[condorthemes.com/flatdream/js/jquery.nanoscroller/nanoscroller.css]
[condorthemes.com/flatdream/js/jquery.codemirror/lib/codemirror.css]
[condorthemes.com/flatdream/js/jquery.codemirror/theme/ambiance.css]
[condorthemes.com/flatdream/js/jquery.vectormaps/jquery-jvectormap-1.2.2.css]
[condorthemes.com/flatdream/index2.html]
[condorthemes.com/flatdream/images/avatar6.jpg]
[condorthemes.com/flatdream/css/style.css]
[condorthemes.com/flatdream/layout-boxed.html]
[condorthemes.com/flatdream/dashboard2.html]
[condorthemes.com/flatdream/layout-topbar.html]
[condorthemes.com/flatdream/ui-elements.html]
[condorthemes.com/flatdream/ui-alerts.html]
[condorthemes.com/flatdream/ui-porlets.html]
[condorthemes.com/flatdream/ui-buttons.html]
[condorthemes.com/flatdream/ui-modals.html]
[condorthemes.com/flatdream/ui-notifications.html]
[condorthemes.com/flatdream/ui-tiles.html]
[condorthemes.com/flatdream/ui-progress.html]
[condorthemes.com/flatdream/ui-icons.html]
[condorthemes.com/flatdream/ui-grid.html]
[condorthemes.com/flatdream/ui-tabs-accordions.html]
[condorthemes.com/flatdream/ui-nestable-lists.html]
[condorthemes.com/flatdream/ui-treeview.html]
[condorthemes.com/flatdream/ui-calendar.html]
[condorthemes.com/flatdream/form-elements.html]
[condorthemes.com/flatdream/form-multiselect.html]
[condorthemes.com/flatdream/form-validation.html]
[condorthemes.com/flatdream/form-wizard.html]
[condorthemes.com/flatdream/form-masks.html]
[condorthemes.com/flatdream/form-wysiwyg.html]
[condorthemes.com/flatdream/form-upload.html]
[condorthemes.com/flatdream/tables-general.html]
[condorthemes.com/flatdream/tables-datatables.html]
[condorthemes.com/flatdream/tables-xeditable.html]
[condorthemes.com/flatdream/maps.html]
[condorthemes.com/flatdream/vector-maps.html]
[condorthemes.com/flatdream/email-inbox.html]
[condorthemes.com/flatdream/email-read.html]
[condorthemes.com/flatdream/email-compose.html]
[condorthemes.com/flatdream/typography.html]
[condorthemes.com/flatdream/charts.html]
[condorthemes.com/flatdream/pages-blank.html]
[condorthemes.com/flatdream/pages-blank-header.html]
[condorthemes.com/flatdream/pages-blank-aside.html]
[condorthemes.com/flatdream/pages-blank-aside-header.html]
[condorthemes.com/flatdream/pages-profile.html]
[condorthemes.com/flatdream/pages-login.html]
[condorthemes.com/flatdream/pages-sign-up.html]
[condorthemes.com/flatdream/pages-forgot.html]
[condorthemes.com/flatdream/pages-404.html]
[condorthemes.com/flatdream/pages-500.html]
[condorthemes.com/flatdream/pages-tour.html]
[condorthemes.com/flatdream/pages-gallery.html]
[condorthemes.com/flatdream/pages-search.html]
[condorthemes.com/flatdream/pages-timeline.html]
[condorthemes.com/flatdream/images/avatar6-2.jpg]
[condorthemes.com/flatdream/pages-code-editor.html]
[condorthemes.com/flatdream/images/avatar2.jpg]
[condorthemes.com/flatdream/images/avatar_50.jpg]
[condorthemes.com/flatdream/images/avatar4_50.jpg]
[condorthemes.com/flatdream/images/avatar3_50.jpg]
[condorthemes.com/flatdream/images/flags/us.png]
[condorthemes.com/flatdream/images/flags/in.png]
[condorthemes.com/flatdream/images/flags/gb.png]
[condorthemes.com/flatdream/images/flags/br.png]
[condorthemes.com/flatdream/js/jquery.cookie/jquery.cookie.js]
[condorthemes.com/flatdream/js/jquery.pushmenu/js/jPushMenu.js]
[condorthemes.com/flatdream/js/jquery.nanoscroller/jquery.nanoscroller.js]
[condorthemes.com/flatdream/js/jquery.gritter/js/jquery.gritter.js]
[condorthemes.com/flatdream/js/behaviour/core.js]
[condorthemes.com/flatdream/js/jquery.sparkline/jquery.sparkline.min.js]
[condorthemes.com/flatdream/js/jquery.js]
[condorthemes.com/flatdream/js/jquery.codemirror/mode/xml/xml.js]
[condorthemes.com/flatdream/js/bootstrap/dist/js/bootstrap.min.js]
[condorthemes.com/flatdream/js/jquery.ui/jquery-ui.js]
[condorthemes.com/flatdream/js/jquery.codemirror/mode/htmlmixed/htmlmixed.js]
[condorthemes.com/flatdream/js/jquery.codemirror/addon/edit/matchbrackets.js]
[condorthemes.com/flatdream/js/jquery.codemirror/mode/css/css.js]
[condorthemes.com/flatdream/js/behaviour/dashboard.js]
[condorthemes.com/flatdream/js/jquery.vectormaps/jquery-jvectormap-1.2.2.min.js]
[condorthemes.com/flatdream/js/jquery.flot/jquery.flot.pie.js]
[condorthemes.com/flatdream/js/jquery.flot/jquery.flot.resize.js]
[condorthemes.com/flatdream/js/jquery.flot/jquery.flot.js]
[condorthemes.com/flatdream/index.html]
[condorthemes.com/flatdream/js/bootstrap/dist/fonts/glyphicons-halflings-regular.eot]
[condorthemes.com/flatdream/js/jquery.flot/jquery.flot.labels.js]
[condorthemes.com/flatdream/js/jquery.codemirror/lib/codemirror.js]
[condorthemes.com/flatdream/js/bootstrap/dist/fonts/glyphicons-halflings-regular.woff]
[condorthemes.com/flatdream/js/bootstrap/dist/fonts/glyphicons-halflings-regulard41d.eot]
[condorthemes.com/flatdream/js/jquery.vectormaps/maps/jquery-jvectormap-world-mill-en.js]
[condorthemes.com/flatdream/js/bootstrap/dist/fonts/glyphicons-halflings-regular.ttf]
[condorthemes.com/flatdream/js/bootstrap/dist/css/bootstrap.css]
[condorthemes.com/flatdream/js/jquery.gritter/images/ie-spacer.gif]
[condorthemes.com/flatdream/js/jquery.gritter/images/gritter.png]
[condorthemes.com/flatdream/js/jquery.gritter/images/gritter-light.png]
[condorthemes.com/flatdream/js/jquery.gritter/css/jquery.gritter.css]
[condorthemes.com/flatdream/fonts/font-awesome-4/fonts/fontawesome-webfontba72.eot]
[condorthemes.com/flatdream/fonts/font-awesome-4/fonts/fontawesome-webfontd41d.eot]
[condorthemes.com/flatdream/fonts/font-awesome-4/fonts/fontawesome-webfontba72.woff]
[condorthemes.com/flatdream/fonts/font-awesome-4/fonts/fontawesome-webfontba72.ttf]
[condorthemes.com/flatdream/fonts/font-awesome-4/css/font-awesome.min.css]
[condorthemes.com/flatdream/js/jquery.nanoscroller/nanoscroller.css]
[condorthemes.com/flatdream/js/jquery.codemirror/lib/codemirror.css]
[condorthemes.com/flatdream/js/jquery.codemirror/theme/ambiance.css]
[condorthemes.com/flatdream/js/jquery.vectormaps/jquery-jvectormap-1.2.2.css]
[condorthemes.com/flatdream/images/menu-tail-up.png]
[condorthemes.com/flatdream/images/logo.png]
[condorthemes.com/flatdream/images/menu-tail-left.png]
[condorthemes.com/flatdream/images/blur_bg.png]
[condorthemes.com/flatdream/images/bubble-tail.png]
[condorthemes.com/flatdream/images/bubble-tail-l-white.png]
[condorthemes.com/flatdream/js/jquery.gritter/images/gritter-bg.png]
[condorthemes.com/flatdream/images/stat-same.png]
[condorthemes.com/flatdream/images/stat-up.png]
[condorthemes.com/flatdream/images/stat-down.png]
[condorthemes.com/flatdream/images/sunset2.jpg]
[condorthemes.com/flatdream/js/fuelux/img/glyphicons-halflings-white.png]
[condorthemes.com/flatdream/css/style.css]
[condorthemes.com/flatdream/index2.html]
[condorthemes.com/flatdream/js/jquery.magnific-popup/dist/magnific-popup.css]
[condorthemes.com/flatdream/js/bootstrap.summernote/dist/summernote.css]
[condorthemes.com/flatdream/js/jquery.niftymodals/css/component.css]
[condorthemes.com/flatdream/images/gallery/img4.jpg]
[condorthemes.com/flatdream/images/gallery/img6.jpg]
[condorthemes.com/flatdream/images/avatar1_50.jpg]
[condorthemes.com/flatdream/js/behaviour/dashboard2.js]
[condorthemes.com/flatdream/js/jquery.niftymodals/js/jquery.modalEffects.js]
[condorthemes.com/flatdream/js/bootstrap.summernote/dist/summernote.min.js]
[condorthemes.com/flatdream/js/jquery.magnific-popup/dist/jquery.magnific-popup.min.js]
[condorthemes.com/flatdream/js/skycons/skycons.js]
[condorthemes.com/flatdream/dashboard2.html]
[condorthemes.com/flatdream/js/behaviour/voice-commands.js]
[condorthemes.com/flatdream/layout-boxed.html]
[condorthemes.com/flatdream/layout-topbar.html]
[condorthemes.com/flatdream/ui-elements.html]
[condorthemes.com/flatdream/ui-alerts.html]
[condorthemes.com/flatdream/ui-porlets.html]
[condorthemes.com/flatdream/images/mov_bbb.mp4]
[condorthemes.com/flatdream/images/mov_bbb.ogg]
[condorthemes.com/flatdream/ui-buttons.html]
[condorthemes.com/flatdream/js/jquery.icheck/skins/flat/green.css]
[condorthemes.com/flatdream/js/jquery.icheck/icheck.js]
[condorthemes.com/flatdream/ui-modals.html]
[condorthemes.com/flatdream/ui-notifications.html]
[condorthemes.com/flatdream/images/meteocons/meteo_05.png]
[condorthemes.com/flatdream/images/meteocons/meteo_11.png]
[condorthemes.com/flatdream/images/meteocons/meteo_26.png]
[condorthemes.com/flatdream/images/meteocons/meteo_06.png]
[condorthemes.com/flatdream/images/meteocons/meteo_09.png]
[condorthemes.com/flatdream/images/meteocons/meteo_18.png]
[condorthemes.com/flatdream/ui-tiles.html]
[condorthemes.com/flatdream/ui-progress.html]
[condorthemes.com/flatdream/ui-icons.html]
[condorthemes.com/flatdream/ui-grid.html]
[condorthemes.com/flatdream/ui-tabs-accordions.html]
[condorthemes.com/flatdream/js/jquery.nestable/jquery.nestable.js]
[condorthemes.com/flatdream/ui-nestable-lists.html]
[condorthemes.com/flatdream/ui-treeview.html]
[condorthemes.com/flatdream/js/jquery.fullcalendar/fullcalendar/fullcalendar.css]
[condorthemes.com/flatdream/js/jquery.fullcalendar/fullcalendar/fullcalendar.print.css]
[condorthemes.com/flatdream/ui-calendar.html]
[condorthemes.com/flatdream/js/jquery.fullcalendar/fullcalendar/fullcalendar.js]
[condorthemes.com/flatdream/js/jasny.bootstrap/extend/css/jasny-bootstrap.min.css]
[condorthemes.com/flatdream/js/bootstrap-colorpicker/dist/css/bootstrap-colorpicker.min.css]
[condorthemes.com/flatdream/js/bootstrap.switch/bootstrap-switch.min.css]
[condorthemes.com/flatdream/js/bootstrap.datetimepicker/css/bootstrap-datetimepicker.min.css]
[condorthemes.com/flatdream/js/jquery.select2/select2.css]
[condorthemes.com/flatdream/js/bootstrap.slider/css/slider.css]
[condorthemes.com/flatdream/js/bootstrap.daterangepicker/daterangepicker-bs3.css]
[condorthemes.com/flatdream/js/jasny.bootstrap/extend/js/jasny-bootstrap.min.js]
[condorthemes.com/flatdream/js/bootstrap.daterangepicker/moment.min.js]
[condorthemes.com/flatdream/js/bootstrap.daterangepicker/daterangepicker.js]
[condorthemes.com/flatdream/js/bootstrap.touchspin/bootstrap-touchspin/bootstrap.touchspin.js]
[condorthemes.com/flatdream/js/bootstrap.switch/bootstrap-switch.js]
[condorthemes.com/flatdream/js/bootstrap-colorpicker/dist/js/bootstrap-colorpicker.js]
[condorthemes.com/flatdream/js/bootstrap.datetimepicker/js/bootstrap-datetimepicker.min.js]
[condorthemes.com/flatdream/js/bootstrap.slider/js/bootstrap-slider.js]
[condorthemes.com/flatdream/form-elements.html]
[condorthemes.com/flatdream/js/jquery.icheck/icheck.min.js]
[condorthemes.com/flatdream/js/bootstrap.multiselect/css/bootstrap-multiselect.css]
[condorthemes.com/flatdream/js/jquery.select2/select2.min.js]
[condorthemes.com/flatdream/js/jquery.multiselect/css/multi-select.css]
[condorthemes.com/flatdream/js/jquery.quicksearch/jquery.quicksearch.js]
[condorthemes.com/flatdream/form-multiselect.html]
[condorthemes.com/flatdream/js/jquery.multiselect/js/jquery.multi-select.js]
[condorthemes.com/flatdream/js/bootstrap.multiselect/js/bootstrap-multiselect.js]
[condorthemes.com/flatdream/form-validation.html]
[condorthemes.com/flatdream/js/fuelux/css/fuelux.css]
[condorthemes.com/flatdream/js/fuelux/css/fuelux-responsive.min.css]
[condorthemes.com/flatdream/js/modernizr.js]
[condorthemes.com/flatdream/js/jquery.parsley/dist/parsley.js]
[condorthemes.com/flatdream/form-wizard.html]
[condorthemes.com/flatdream/form-masks.html]
[condorthemes.com/flatdream/js/jquery.maskedinput/jquery.maskedinput.js]
[condorthemes.com/flatdream/js/bootstrap.wysihtml5/dist/bootstrap3-wysihtml5.min.css]
[condorthemes.com/flatdream/js/fuelux/loader.min.js]
[condorthemes.com/flatdream/js/ckeditor/adapters/jquery.js]
[condorthemes.com/flatdream/form-wysiwyg.html]
[condorthemes.com/flatdream/js/bootstrap.wysihtml5/dist/bootstrap3-wysihtml5.all.min.js]
[condorthemes.com/flatdream/js/dropzone/css/dropzone.css]
[condorthemes.com/flatdream/js/dropzone/dropzone.js]
[condorthemes.com/flatdream/form-upload.html]
[condorthemes.com/flatdream/tables-general.html]
[condorthemes.com/flatdream/js/jquery.datatables/bootstrap-adapter/css/datatables.css]
[condorthemes.com/flatdream/js/bootstrap.wysihtml5/dist/wysihtml5-0.3.0.js]
[condorthemes.com/flatdream/js/jquery.jeditable/jquery.jeditable.mini.js]
[condorthemes.com/flatdream/js/jquery.datatables/bootstrap-adapter/js/datatables.js]
[condorthemes.com/flatdream/images/plus.png]
[condorthemes.com/flatdream/images/minus.png]
[condorthemes.com/flatdream/tables-datatables.html]
[condorthemes.com/flatdream/js/jquery.x-editable/dist/bootstrap3-editable/css/bootstrap-editable.css]
[condorthemes.com/flatdream/js/jquery.x-editable/src/inputs-ext/typeaheadjs/lib/typeahead.js-bootstrap.css]
[condorthemes.com/flatdream/js/jquery.datatables/jquery.datatables.min.js]
[condorthemes.com/flatdream/js/jquery.x-editable/src/inputs/combodate/lib/moment.min.js]
[condorthemes.com/flatdream/js/ckeditor/ckeditor.js]
[condorthemes.com/flatdream/js/jquery.x-editable/src/inputs-ext/typeaheadjs/typeaheadjs.js]
[condorthemes.com/flatdream/js/jquery.x-editable/src/inputs-ext/typeaheadjs/lib/typeahead.js]
[condorthemes.com/flatdream/tables-xeditable.html]
[condorthemes.com/flatdream/maps.html]
[condorthemes.com/flatdream/js/jquery.x-editable/dist/bootstrap3-editable/js/bootstrap-editable.js]
[condorthemes.com/flatdream/js/jquery.vectormaps/maps/jquery-jvectormap-fr-merc-en.js]
[condorthemes.com/flatdream/js/jquery.vectormaps/maps/jquery-jvectormap-us-merc-en.js]
[condorthemes.com/flatdream/js/jquery.vectormaps/maps/jquery-jvectormap-uk-mill-en.js]
[condorthemes.com/flatdream/js/jquery.vectormaps/maps/jquery-jvectormap-us-il-chicago-mill-en.js]
[condorthemes.com/flatdream/js/jquery.vectormaps/maps/jquery-jvectormap-map.js]
[condorthemes.com/flatdream/js/jquery.vectormaps/maps/jquery-jvectormap-au-mill-en.js]
[condorthemes.com/flatdream/vector-maps.html]
[condorthemes.com/flatdream/js/jquery.icheck/skins/square/blue.css]
[condorthemes.com/flatdream/email-inbox.html]
[condorthemes.com/flatdream/email-read7e9c.html]
[condorthemes.com/flatdream/email-read.html]
[condorthemes.com/flatdream/email-compose7e9c.html]
[condorthemes.com/flatdream/email-compose.html]
[condorthemes.com/flatdream/js/prettify/prettify.css]
[condorthemes.com/flatdream/js/jquery.vectormaps/maps/jquery-jvectormap-in-mill-en.js]
[condorthemes.com/flatdream/typography.html]
[condorthemes.com/flatdream/js/prettify/run_prettify.js]
[condorthemes.com/flatdream/js/jquery.vectormaps/maps/jquery-jvectormap-ca-lcc-en.js]
[condorthemes.com/flatdream/js/jquery.easypiechart/jquery.easy-pie-chart.css]
[condorthemes.com/flatdream/charts.html]
[condorthemes.com/flatdream/pages-blank.html]
[condorthemes.com/flatdream/pages-blank-header.html]
[condorthemes.com/flatdream/pages-blank-aside.html]
[condorthemes.com/flatdream/pages-blank-aside-header.html]
[condorthemes.com/flatdream/js/jquery.easypiechart/jquery.easy-pie-chart.js]
[condorthemes.com/flatdream/js/jquery.crop/css/jquery.Jcrop.css]
[condorthemes.com/flatdream/images/avatars/avatar1.jpg]
[condorthemes.com/flatdream/images/avatars/avatar2.jpg]
[condorthemes.com/flatdream/images/av.jpg]
[condorthemes.com/flatdream/js/jquery.crop/js/jquery.Jcrop.js]
[condorthemes.com/flatdream/js/jquery.upload/js/jquery.iframe-transport.js]
[condorthemes.com/flatdream/js/jquery.upload/server/php/files/cropb6ce.html]
[condorthemes.com/flatdream/pages-profile.html]
[condorthemes.com/flatdream/pages-login.html]
[condorthemes.com/flatdream/js/jquery.upload/js/jquery.fileupload.js]
[condorthemes.com/flatdream/pages-sign-up.html]
[condorthemes.com/flatdream/pages-forgot.html]
[condorthemes.com/flatdream/pages-404.html]
[condorthemes.com/flatdream/pages-500.html]
[condorthemes.com/flatdream/js/jquery.upload/server/php/index.html]
[condorthemes.com/flatdream/js/intro.js/introjs.css]
[condorthemes.com/flatdream/pages-tour.html]
[condorthemes.com/flatdream/js/jquery.parsley/parsley.js]
[condorthemes.com/flatdream/images/gallery/img3.jpg]
[condorthemes.com/flatdream/images/gallery/img1.jpg]
[condorthemes.com/flatdream/images/gallery/img2.jpg]
[condorthemes.com/flatdream/js/intro.js/intro.js]
[condorthemes.com/flatdream/images/gallery/img5.jpg]
[condorthemes.com/flatdream/js/masonry.js]
[condorthemes.com/flatdream/pages-gallery.html]
[condorthemes.com/flatdream/pages-search.html]
[condorthemes.com/flatdream/js/jquery.timeline/css/component.css]
[condorthemes.com/flatdream/js/jquery.timeline/js/modernizr.custom.js]
[condorthemes.com/flatdream/pages-timeline.html]
[condorthemes.com/flatdream/pages-code-editor.html]
[condorthemes.com/flatdream/js/bootstrap/dist/fonts/glyphicons-halflings-regular.svg]
[condorthemes.com/flatdream/fonts/font-awesome-4/fonts/fontawesome-webfontba72.svg]
[condorthemes.com/flatdream/js/jquery.magnific-popup/dist/magnific-popup.css]
[condorthemes.com/flatdream/js/jquery.niftymodals/css/component.css]
[condorthemes.com/flatdream/js/bootstrap.summernote/dist/summernote.css]
[condorthemes.com/flatdream/js/jquery.icheck/skins/flat/green.png]
[condorthemes.com/flatdream/js/jquery.icheck/skins/flat/green@2x.png]
[condorthemes.com/flatdream/js/jquery.icheck/skins/flat/green.css]
[condorthemes.com/flatdream/js/jquery.fullcalendar/fullcalendar/fullcalendar.css]
[condorthemes.com/flatdream/js/jquery.fullcalendar/fullcalendar/fullcalendar.print.css]
[condorthemes.com/flatdream/js/jasny.bootstrap/extend/css/jasny-bootstrap.min.css]
[condorthemes.com/flatdream/js/bootstrap-colorpicker/dist/img/bootstrap-colorpicker/saturation.png]
[condorthemes.com/flatdream/js/bootstrap-colorpicker/dist/img/bootstrap-colorpicker/hue.png]
[condorthemes.com/flatdream/js/bootstrap-colorpicker/dist/img/bootstrap-colorpicker/alpha.png]
[condorthemes.com/flatdream/js/bootstrap-colorpicker/dist/img/bootstrap-colorpicker/hue-horizontal.png]
[condorthemes.com/flatdream/js/bootstrap-colorpicker/dist/img/bootstrap-colorpicker/alpha-horizontal.png]
[condorthemes.com/flatdream/js/bootstrap-colorpicker/dist/css/bootstrap-colorpicker.min.css]
[condorthemes.com/flatdream/js/bootstrap.switch/bootstrap-switch.min.css]
[condorthemes.com/flatdream/js/bootstrap.datetimepicker/css/bootstrap-datetimepicker.min.css]
[condorthemes.com/flatdream/js/jquery.select2/select2.png]
[condorthemes.com/flatdream/js/jquery.select2/select2-spinner.gif]
[condorthemes.com/flatdream/js/jquery.select2/select2x2.png]
[condorthemes.com/flatdream/js/jquery.select2/select2.css]
[condorthemes.com/flatdream/js/bootstrap.slider/css/slider.css]
[condorthemes.com/flatdream/js/bootstrap.daterangepicker/daterangepicker-bs3.css]
[condorthemes.com/flatdream/js/bootstrap.multiselect/css/bootstrap-multiselect.css]
[condorthemes.com/flatdream/js/jquery.multiselect/img/switch.png]
[condorthemes.com/flatdream/js/jquery.multiselect/css/multi-select.css]
[condorthemes.com/flatdream/js/fuelux/img/glyphicons-halflings.png]
[condorthemes.com/flatdream/js/fuelux/img/form.png]
[condorthemes.com/flatdream/js/fuelux/fonts/fuelux-preloader.eot]
[condorthemes.com/flatdream/js/fuelux/fonts/fuelux-preloaderd41d.eot]
[condorthemes.com/flatdream/js/fuelux/fonts/fuelux-preloader.ttf]
[condorthemes.com/flatdream/js/fuelux/fonts/fuelux-preloader.woff]
[condorthemes.com/flatdream/js/fuelux/css/fuelux.css]
[condorthemes.com/flatdream/js/fuelux/css/fuelux-responsive.min.css]
[condorthemes.com/flatdream/js/bootstrap.wysihtml5/dist/bootstrap3-wysihtml5.min.css]
[condorthemes.com/flatdream/js/dropzone/images/spritemap.png]
[condorthemes.com/flatdream/js/dropzone/images/spritemap@2x.png]
[condorthemes.com/flatdream/js/dropzone/css/dropzone.css]
[condorthemes.com/flatdream/js/jquery.datatables/bootstrap-adapter/images/sort_both.png]
[condorthemes.com/flatdream/js/jquery.datatables/bootstrap-adapter/images/sort_asc.png]
[condorthemes.com/flatdream/js/jquery.datatables/bootstrap-adapter/images/sort_desc.png]
[condorthemes.com/flatdream/js/jquery.datatables/bootstrap-adapter/images/sort_asc_disabled.png]
[condorthemes.com/flatdream/js/jquery.datatables/bootstrap-adapter/images/sort_desc_disabled.png]
[condorthemes.com/flatdream/js/jquery.datatables/bootstrap-adapter/css/datatables.css]
[condorthemes.com/flatdream/js/jquery.datatables/examples/examples_support/editable_ajax.html]
[condorthemes.com/flatdream/js/jquery.x-editable/dist/bootstrap3-editable/img/loading.gif]
[condorthemes.com/flatdream/js/jquery.x-editable/dist/bootstrap3-editable/img/clear.png]
[condorthemes.com/flatdream/js/jquery.x-editable/dist/bootstrap3-editable/css/bootstrap-editable.css]
[condorthemes.com/flatdream/js/jquery.x-editable/src/inputs-ext/typeaheadjs/lib/typeahead.js-bootstrap.css]
[condorthemes.com/flatdream/js/jquery.icheck/skins/square/blue.png]
[condorthemes.com/flatdream/js/jquery.icheck/skins/square/blue@2x.png]
[condorthemes.com/flatdream/js/jquery.icheck/skins/square/blue.css]
[condorthemes.com/flatdream/email-read7e9c.html]
[condorthemes.com/flatdream/email-compose7e9c.html]
[condorthemes.com/flatdream/js/prettify/prettify.css]
[condorthemes.com/flatdream/js/jquery.easypiechart/jquery.easy-pie-chart.css]
[condorthemes.com/flatdream/js/jquery.crop/css/Jcrop.gif]
[condorthemes.com/flatdream/js/jquery.crop/css/jquery.Jcrop.css]
[condorthemes.com/flatdream/js/jquery.upload/server/php/files/cropb6ce.html]
[condorthemes.com/flatdream/js/intro.js/introjs.css]
[condorthemes.com/flatdream/js/jquery.timeline/fonts/timelineicons/ecoico.eot]
[condorthemes.com/flatdream/js/jquery.timeline/fonts/timelineicons/ecoicod41d.eot]
[condorthemes.com/flatdream/js/jquery.timeline/fonts/timelineicons/ecoico.woff]
[condorthemes.com/flatdream/js/jquery.timeline/fonts/timelineicons/ecoico.ttf]
[condorthemes.com/flatdream/js/jquery.timeline/css/component.css]
[condorthemes.com/flatdream/js/fuelux/fonts/fuelux-preloader.svg]
[condorthemes.com/flatdream/js/jquery.timeline/fonts/timelineicons/ecoico.svg]
